#-----------------------------------------------------------
# Vivado v2024.2 (64-bit)
# SW Build 5239630 on Fri Nov 08 22:35:27 MST 2024
# IP Build 5239520 on Sun Nov 10 16:12:51 MST 2024
# SharedData Build 5239561 on Fri Nov 08 14:39:27 MST 2024
# Start of session at: Thu Nov 20 22:57:13 2025
# Process ID         : 19808
# Current directory  : C:/Users/DELL/CO_project3/CO_project3.runs/synth_1
# Command line       : vivado.exe -log top_pipeline.vds -product Vivado -mode batch -messageDb vivado.pb -notrace -source top_pipeline.tcl
# Log file           : C:/Users/DELL/CO_project3/CO_project3.runs/synth_1/top_pipeline.vds
# Journal file       : C:/Users/DELL/CO_project3/CO_project3.runs/synth_1\vivado.jou
# Running On         : Veedhee
# Platform           : Windows Server 2016 or Windows 10
# Operating System   : 26200
# Processor Detail   : 11th Gen Intel(R) Core(TM) i7-11370H @ 3.30GHz
# CPU Frequency      : 3302 MHz
# CPU Physical cores : 4
# CPU Logical cores  : 8
# Host memory        : 8323 MB
# Swap memory        : 9999 MB
# Total Virtual      : 18323 MB
# Available Virtual  : 847 MB
#-----------------------------------------------------------
source top_pipeline.tcl -notrace
